// Jest Snapshot v1, https://goo.gl/fbAQLP

exports[`简单测试 vue 的组件 快照测试 1`] = `
<div>
  <h1>初始 测试 vue </h1> <input>
</div>
`;
